a: bool #
b: bool #
e: bool #
c: bool #
d: bool #
