x: bool #
y: bool #
a: int #
b: int #
z: bool #
g, h: ? #
i, j: ? #
k, m, n: ? #
c: int #
d: int #
